// Jest Snapshot v1, https://goo.gl/fbAQLP

exports[`shallow <Congratulation /> components render 1`] = `
<IntlProvider
  defaultFormats={Object {}}
  defaultLocale="en"
  formats={Object {}}
  locale="en"
  messages={Object {}}
  onError={[Function]}
  textComponent={Symbol(react.fragment)}
>
  <injectIntl(BaseCongratulation)
    name="Belarus"
    options={
      Object {
        "score": 60,
      }
    }
    parts={Array []}
    text="congratulations.puzzle"
  >
    <BaseCongratulation
      intl={
        Object {
          "defaultFormats": Object {},
          "defaultLocale": "en",
          "defaultRichTextElements": undefined,
          "formatDate": [Function],
          "formatDateTimeRange": [Function],
          "formatDateToParts": [Function],
          "formatDisplayName": [Function],
          "formatList": [Function],
          "formatListToParts": [Function],
          "formatMessage": [Function],
          "formatNumber": [Function],
          "formatNumberToParts": [Function],
          "formatPlural": [Function],
          "formatRelativeTime": [Function],
          "formatTime": [Function],
          "formatTimeToParts": [Function],
          "formats": Object {},
          "formatters": Object {
            "getDateTimeFormat": [Function],
            "getDisplayNames": [Function],
            "getListFormat": [Function],
            "getMessageFormat": [Function],
            "getNumberFormat": [Function],
            "getPluralRules": [Function],
            "getRelativeTimeFormat": [Function],
          },
          "locale": "en",
          "messages": Object {},
          "onError": [Function],
          "textComponent": Symbol(react.fragment),
          "timeZone": undefined,
          "wrapRichTextChunksInFragment": undefined,
        }
      }
      name="Belarus"
      options={
        Object {
          "score": 60,
        }
      }
      parts={Array []}
      text="congratulations.puzzle"
    >
      <Modal
        animation={true}
        aria-labelledby="contained-modal-title-lg"
        autoFocus={true}
        backdrop={true}
        dialogAs={
          Object {
            "$$typeof": Symbol(react.forward_ref),
            "displayName": "ModalDialog",
            "render": [Function],
          }
        }
        enforceFocus={true}
        keyboard={true}
        onHide={[Function]}
        restoreFocus={true}
        show={true}
      >
        <Modal
          autoFocus={true}
          backdrop={true}
          backdropTransition={[Function]}
          containerClassName="modal-open"
          enforceFocus={true}
          keyboard={true}
          manager={
            BootstrapModalManager {
              "containers": Array [
                <body
                  class="modal-open"
                  style="padding-right: 0px;"
                >
                  <div
                    class="fade modal-backdrop show"
                  />
                  <div
                    aria-labelledby="contained-modal-title-lg"
                    aria-modal="true"
                    class="fade modal show"
                    role="dialog"
                    style="display: block;"
                    tabindex="-1"
                  >
                    <div
                      class="modal-dialog"
                    >
                      <div
                        class="modal-content"
                      >
                        <div
                          class="modal-header"
                        >
                          <div
                            class="modal-title h4"
                            id="contained-modal-title-lg"
                          >
                            congratulations
                          </div>
                          <button
                            class="close"
                            type="button"
                          >
                            <span
                              aria-hidden="true"
                            >
                              ×
                            </span>
                            <span
                              class="sr-only"
                            >
                              Close
                            </span>
                          </button>
                        </div>
                        <div
                          class="modal-body"
                        >
                          <div>
                            congratulations.puzzle
                          </div>
                        </div>
                        <div
                          class="modal-footer"
                        >
                          <iframe
                            class="patreon-widget"
                            src="https://www.patreon.com/platform/iframe?widget=become-patron-button&redirectURI=https%3A%2F%2Fgeopuzzle.org%2Fpuzzle%2Fworkshop%2F&creatorID=11576139"
                          />
                          <div
                            class="pull-right"
                          >
                            <a
                              class="btn btn-social-icon btn-vk"
                              href="https://vk.com/share.php?url=about:blank&title=congratulations.puzzle"
                              rel="noopener noreferrer"
                              target="_blank"
                            >
                              <i
                                class="fab fa-vk"
                              />
                            </a>
                            <a
                              class="btn btn-social-icon btn-facebook"
                              href="#"
                              rel="noopener noreferrer"
                              target="_blank"
                            >
                              <i
                                class="fab fa-facebook"
                              />
                            </a>
                            <a
                              class="btn btn-social-icon btn-twitter"
                              href="https://twitter.com/intent/tweet?text=congratulations.puzzle&url=about:blank&hashtags=geopuzzle"
                              rel="noopener noreferrer"
                              target="_blank"
                            >
                              <i
                                class="fab fa-twitter"
                              />
                            </a>
                          </div>
                        </div>
                      </div>
                    </div>
                  </div>
                </body>,
              ],
              "data": Array [
                Object {
                  "classes": Array [
                    "modal-open",
                  ],
                  "modals": Array [
                    Object {
                      "add": [Function],
                      "backdrop": <div
                        class="fade modal-backdrop show"
                      />,
                      "dialog": <div
                        aria-labelledby="contained-modal-title-lg"
                        aria-modal="true"
                        class="fade modal show"
                        role="dialog"
                        style="display: block;"
                        tabindex="-1"
                      >
                        <div
                          class="modal-dialog"
                        >
                          <div
                            class="modal-content"
                          >
                            <div
                              class="modal-header"
                            >
                              <div
                                class="modal-title h4"
                                id="contained-modal-title-lg"
                              >
                                congratulations
                              </div>
                              <button
                                class="close"
                                type="button"
                              >
                                <span
                                  aria-hidden="true"
                                >
                                  ×
                                </span>
                                <span
                                  class="sr-only"
                                >
                                  Close
                                </span>
                              </button>
                            </div>
                            <div
                              class="modal-body"
                            >
                              <div>
                                congratulations.puzzle
                              </div>
                            </div>
                            <div
                              class="modal-footer"
                            >
                              <iframe
                                class="patreon-widget"
                                src="https://www.patreon.com/platform/iframe?widget=become-patron-button&redirectURI=https%3A%2F%2Fgeopuzzle.org%2Fpuzzle%2Fworkshop%2F&creatorID=11576139"
                              />
                              <div
                                class="pull-right"
                              >
                                <a
                                  class="btn btn-social-icon btn-vk"
                                  href="https://vk.com/share.php?url=about:blank&title=congratulations.puzzle"
                                  rel="noopener noreferrer"
                                  target="_blank"
                                >
                                  <i
                                    class="fab fa-vk"
                                  />
                                </a>
                                <a
                                  class="btn btn-social-icon btn-facebook"
                                  href="#"
                                  rel="noopener noreferrer"
                                  target="_blank"
                                >
                                  <i
                                    class="fab fa-facebook"
                                  />
                                </a>
                                <a
                                  class="btn btn-social-icon btn-twitter"
                                  href="https://twitter.com/intent/tweet?text=congratulations.puzzle&url=about:blank&hashtags=geopuzzle"
                                  rel="noopener noreferrer"
                                  target="_blank"
                                >
                                  <i
                                    class="fab fa-twitter"
                                  />
                                </a>
                              </div>
                            </div>
                          </div>
                        </div>
                      </div>,
                      "isTopModal": [Function],
                      "remove": [Function],
                      "setBackdropRef": [Function],
                      "setDialogRef": [Function],
                    },
                  ],
                  "overflowing": true,
                  "style": Object {
                    "overflow": "",
                    "paddingRight": "",
                  },
                },
              ],
              "handleContainerOverflow": true,
              "hideSiblingNodes": true,
              "modals": Array [
                Object {
                  "add": [Function],
                  "backdrop": <div
                    class="fade modal-backdrop show"
                  />,
                  "dialog": <div
                    aria-labelledby="contained-modal-title-lg"
                    aria-modal="true"
                    class="fade modal show"
                    role="dialog"
                    style="display: block;"
                    tabindex="-1"
                  >
                    <div
                      class="modal-dialog"
                    >
                      <div
                        class="modal-content"
                      >
                        <div
                          class="modal-header"
                        >
                          <div
                            class="modal-title h4"
                            id="contained-modal-title-lg"
                          >
                            congratulations
                          </div>
                          <button
                            class="close"
                            type="button"
                          >
                            <span
                              aria-hidden="true"
                            >
                              ×
                            </span>
                            <span
                              class="sr-only"
                            >
                              Close
                            </span>
                          </button>
                        </div>
                        <div
                          class="modal-body"
                        >
                          <div>
                            congratulations.puzzle
                          </div>
                        </div>
                        <div
                          class="modal-footer"
                        >
                          <iframe
                            class="patreon-widget"
                            src="https://www.patreon.com/platform/iframe?widget=become-patron-button&redirectURI=https%3A%2F%2Fgeopuzzle.org%2Fpuzzle%2Fworkshop%2F&creatorID=11576139"
                          />
                          <div
                            class="pull-right"
                          >
                            <a
                              class="btn btn-social-icon btn-vk"
                              href="https://vk.com/share.php?url=about:blank&title=congratulations.puzzle"
                              rel="noopener noreferrer"
                              target="_blank"
                            >
                              <i
                                class="fab fa-vk"
                              />
                            </a>
                            <a
                              class="btn btn-social-icon btn-facebook"
                              href="#"
                              rel="noopener noreferrer"
                              target="_blank"
                            >
                              <i
                                class="fab fa-facebook"
                              />
                            </a>
                            <a
                              class="btn btn-social-icon btn-twitter"
                              href="https://twitter.com/intent/tweet?text=congratulations.puzzle&url=about:blank&hashtags=geopuzzle"
                              rel="noopener noreferrer"
                              target="_blank"
                            >
                              <i
                                class="fab fa-twitter"
                              />
                            </a>
                          </div>
                        </div>
                      </div>
                    </div>
                  </div>,
                  "isTopModal": [Function],
                  "remove": [Function],
                  "setBackdropRef": [Function],
                  "setDialogRef": [Function],
                },
              ],
              "scrollbarSize": 0,
            }
          }
          onEnter={[Function]}
          onEntering={[Function]}
          onEscapeKeyDown={[Function]}
          onExit={[Function]}
          onExited={[Function]}
          onHide={[Function]}
          renderBackdrop={[Function]}
          renderDialog={[Function]}
          restoreFocus={true}
          show={true}
          transition={[Function]}
        >
          <Portal
            containerInfo={
              <body
                class="modal-open"
                style="padding-right: 0px;"
              >
                <div
                  class="fade modal-backdrop show"
                />
                <div
                  aria-labelledby="contained-modal-title-lg"
                  aria-modal="true"
                  class="fade modal show"
                  role="dialog"
                  style="display: block;"
                  tabindex="-1"
                >
                  <div
                    class="modal-dialog"
                  >
                    <div
                      class="modal-content"
                    >
                      <div
                        class="modal-header"
                      >
                        <div
                          class="modal-title h4"
                          id="contained-modal-title-lg"
                        >
                          congratulations
                        </div>
                        <button
                          class="close"
                          type="button"
                        >
                          <span
                            aria-hidden="true"
                          >
                            ×
                          </span>
                          <span
                            class="sr-only"
                          >
                            Close
                          </span>
                        </button>
                      </div>
                      <div
                        class="modal-body"
                      >
                        <div>
                          congratulations.puzzle
                        </div>
                      </div>
                      <div
                        class="modal-footer"
                      >
                        <iframe
                          class="patreon-widget"
                          src="https://www.patreon.com/platform/iframe?widget=become-patron-button&redirectURI=https%3A%2F%2Fgeopuzzle.org%2Fpuzzle%2Fworkshop%2F&creatorID=11576139"
                        />
                        <div
                          class="pull-right"
                        >
                          <a
                            class="btn btn-social-icon btn-vk"
                            href="https://vk.com/share.php?url=about:blank&title=congratulations.puzzle"
                            rel="noopener noreferrer"
                            target="_blank"
                          >
                            <i
                              class="fab fa-vk"
                            />
                          </a>
                          <a
                            class="btn btn-social-icon btn-facebook"
                            href="#"
                            rel="noopener noreferrer"
                            target="_blank"
                          >
                            <i
                              class="fab fa-facebook"
                            />
                          </a>
                          <a
                            class="btn btn-social-icon btn-twitter"
                            href="https://twitter.com/intent/tweet?text=congratulations.puzzle&url=about:blank&hashtags=geopuzzle"
                            rel="noopener noreferrer"
                            target="_blank"
                          >
                            <i
                              class="fab fa-twitter"
                            />
                          </a>
                        </div>
                      </div>
                    </div>
                  </div>
                </div>
              </body>
            }
          >
            <BackdropTransition
              appear={true}
              in={true}
            >
              <Fade
                appear={true}
                in={true}
                mountOnEnter={false}
                timeout={null}
                unmountOnExit={false}
              >
                <Transition
                  addEndListener={[Function]}
                  appear={true}
                  enter={true}
                  exit={true}
                  in={true}
                  mountOnEnter={false}
                  onEnter={[Function]}
                  onEntered={[Function]}
                  onEntering={[Function]}
                  onExit={[Function]}
                  onExited={[Function]}
                  onExiting={[Function]}
                  timeout={null}
                  unmountOnExit={false}
                >
                  <div
                    className="fade modal-backdrop show"
                    onClick={[Function]}
                  />
                </Transition>
              </Fade>
            </BackdropTransition>
            <DialogTransition
              appear={true}
              in={true}
              onEnter={[Function]}
              onEntering={[Function]}
              onExit={[Function]}
              onExited={[Function]}
              unmountOnExit={true}
            >
              <Fade
                appear={true}
                in={true}
                mountOnEnter={false}
                onEnter={[Function]}
                onEntering={[Function]}
                onExit={[Function]}
                onExited={[Function]}
                timeout={null}
                unmountOnExit={true}
              >
                <Transition
                  addEndListener={[Function]}
                  appear={true}
                  enter={true}
                  exit={true}
                  in={true}
                  mountOnEnter={false}
                  onEnter={[Function]}
                  onEntered={[Function]}
                  onEntering={[Function]}
                  onExit={[Function]}
                  onExited={[Function]}
                  onExiting={[Function]}
                  timeout={null}
                  unmountOnExit={true}
                >
                  <div
                    aria-labelledby="contained-modal-title-lg"
                    aria-modal={true}
                    className="fade modal show"
                    onClick={[Function]}
                    onMouseUp={[Function]}
                    role="dialog"
                    style={
                      Object {
                        "paddingLeft": undefined,
                        "paddingRight": undefined,
                      }
                    }
                    tabIndex={-1}
                  >
                    <ModalDialog
                      onMouseDown={[Function]}
                    >
                      <div
                        className="modal-dialog"
                        onMouseDown={[Function]}
                      >
                        <div
                          className="modal-content"
                        >
                          <ModalHeader
                            closeButton={true}
                            closeLabel="Close"
                          >
                            <div
                              className="modal-header"
                            >
                              <ModalTitle
                                id="contained-modal-title-lg"
                              >
                                <ForwardRef
                                  className="modal-title"
                                  id="contained-modal-title-lg"
                                >
                                  <div
                                    className="modal-title h4"
                                    id="contained-modal-title-lg"
                                  >
                                    <FormattedMessage
                                      id="congratulations"
                                    >
                                      congratulations
                                    </FormattedMessage>
                                  </div>
                                </ForwardRef>
                              </ModalTitle>
                              <CloseButton
                                label="Close"
                                onClick={[Function]}
                              >
                                <button
                                  className="close"
                                  onClick={[Function]}
                                  type="button"
                                >
                                  <span
                                    aria-hidden="true"
                                  >
                                    ×
                                  </span>
                                  <span
                                    className="sr-only"
                                  >
                                    Close
                                  </span>
                                </button>
                              </CloseButton>
                            </div>
                          </ModalHeader>
                          <ModalBody>
                            <div
                              className="modal-body"
                            >
                              <div>
                                congratulations.puzzle
                              </div>
                            </div>
                          </ModalBody>
                          <ModalFooter>
                            <div
                              className="modal-footer"
                            >
                              <iframe
                                className="patreon-widget"
                                src="https://www.patreon.com/platform/iframe?widget=become-patron-button&redirectURI=https%3A%2F%2Fgeopuzzle.org%2Fpuzzle%2Fworkshop%2F&creatorID=11576139"
                              />
                              <div
                                className="pull-right"
                              >
                                <a
                                  className="btn btn-social-icon btn-vk"
                                  href="https://vk.com/share.php?url=about:blank&title=congratulations.puzzle"
                                  rel="noopener noreferrer"
                                  target="_blank"
                                >
                                  <i
                                    className="fab fa-vk"
                                  />
                                </a>
                                <a
                                  className="btn btn-social-icon btn-facebook"
                                  href="#"
                                  onClick={[Function]}
                                  rel="noopener noreferrer"
                                  target="_blank"
                                >
                                  <i
                                    className="fab fa-facebook"
                                  />
                                </a>
                                <a
                                  className="btn btn-social-icon btn-twitter"
                                  href="https://twitter.com/intent/tweet?text=congratulations.puzzle&url=about:blank&hashtags=geopuzzle"
                                  rel="noopener noreferrer"
                                  target="_blank"
                                >
                                  <i
                                    className="fab fa-twitter"
                                  />
                                </a>
                              </div>
                            </div>
                          </ModalFooter>
                        </div>
                      </div>
                    </ModalDialog>
                  </div>
                </Transition>
              </Fade>
            </DialogTransition>
          </Portal>
        </Modal>
      </Modal>
    </BaseCongratulation>
  </injectIntl(BaseCongratulation)>
</IntlProvider>
`;
