// Jest Snapshot v1, https://goo.gl/fbAQLP

exports[`shallow <Loading /> components 1`] = `
<div
  class="loading_wrapper"
>
  <h2
    class="loading"
  >
    <span>
      Loading...
    </span>
  </h2>
</div>
`;
