// Jest Snapshot v1, https://goo.gl/fbAQLP

exports[`shallow <QuizInit /> components check props: quizinit 1`] = `
ShallowWrapper {
  Symbol(enzyme.__root__): [Circular],
  Symbol(enzyme.__unrendered__): <QuizInit
    load={[MockFunction]}
    show={true}
  />,
  Symbol(enzyme.__renderer__): Object {
    "batchedUpdates": [Function],
    "checkPropTypes": [Function],
    "getNode": [Function],
    "render": [Function],
    "simulateError": [Function],
    "simulateEvent": [Function],
    "unmount": [Function],
  },
  Symbol(enzyme.__node__): Object {
    "instance": null,
    "key": undefined,
    "nodeType": "class",
    "props": Object {
      "animation": true,
      "autoFocus": true,
      "backdrop": true,
      "bsClass": "modal",
      "children": Array [
        <ModalHeader
          bsClass="modal-header"
          closeButton={false}
          closeLabel="Close"
        >
          <ModalTitle
            bsClass="modal-title"
            componentClass="h4"
            id="contained-modal-title-lg"
          >
            I'll search the regions by
          </ModalTitle>
        </ModalHeader>,
        <ModalBody
          bsClass="modal-body"
          componentClass="div"
        >
          <FormGroup
            bsClass="form-group"
            className="checkbox-group"
          >
            <Checkbox
              bsClass="checkbox"
              defaultChecked={true}
              disabled={false}
              inline={true}
              onClick={[Function]}
              title=""
            >
              Title
            </Checkbox>
            <Checkbox
              bsClass="checkbox"
              defaultChecked={true}
              disabled={false}
              inline={true}
              onClick={[Function]}
              title=""
            >
              Flag
            </Checkbox>
            <Checkbox
              bsClass="checkbox"
              defaultChecked={true}
              disabled={false}
              inline={true}
              onClick={[Function]}
              title=""
            >
              Coat of arms
            </Checkbox>
            <Checkbox
              bsClass="checkbox"
              defaultChecked={true}
              disabled={false}
              inline={true}
              onClick={[Function]}
              title=""
            >
              Capital
            </Checkbox>
          </FormGroup>
        </ModalBody>,
        <ModalFooter
          bsClass="modal-footer"
          componentClass="div"
        >
          <Button
            active={false}
            block={false}
            bsClass="btn"
            bsStyle="default"
            disabled={false}
            onClick={[Function]}
          >
            Start
          </Button>
        </ModalFooter>,
      ],
      "dialogClassName": "custom-modal",
      "dialogComponentClass": [Function],
      "enforceFocus": true,
      "keyboard": true,
      "manager": ModalManager {
        "add": [Function],
        "containers": Array [],
        "data": Array [],
        "handleContainerOverflow": true,
        "hideSiblingNodes": true,
        "isTopModal": [Function],
        "modals": Array [],
        "remove": [Function],
      },
      "onHide": [Function],
      "renderBackdrop": [Function],
      "restoreFocus": true,
      "show": true,
    },
    "ref": null,
    "rendered": Array [
      Object {
        "instance": null,
        "key": undefined,
        "nodeType": "class",
        "props": Object {
          "bsClass": "modal-header",
          "children": <ModalTitle
            bsClass="modal-title"
            componentClass="h4"
            id="contained-modal-title-lg"
          >
            I'll search the regions by
          </ModalTitle>,
          "closeButton": false,
          "closeLabel": "Close",
        },
        "ref": null,
        "rendered": Object {
          "instance": null,
          "key": undefined,
          "nodeType": "class",
          "props": Object {
            "bsClass": "modal-title",
            "children": "I'll search the regions by",
            "componentClass": "h4",
            "id": "contained-modal-title-lg",
          },
          "ref": null,
          "rendered": "I'll search the regions by",
          "type": [Function],
        },
        "type": [Function],
      },
      Object {
        "instance": null,
        "key": undefined,
        "nodeType": "class",
        "props": Object {
          "bsClass": "modal-body",
          "children": <FormGroup
            bsClass="form-group"
            className="checkbox-group"
          >
            <Checkbox
              bsClass="checkbox"
              defaultChecked={true}
              disabled={false}
              inline={true}
              onClick={[Function]}
              title=""
            >
              Title
            </Checkbox>
            <Checkbox
              bsClass="checkbox"
              defaultChecked={true}
              disabled={false}
              inline={true}
              onClick={[Function]}
              title=""
            >
              Flag
            </Checkbox>
            <Checkbox
              bsClass="checkbox"
              defaultChecked={true}
              disabled={false}
              inline={true}
              onClick={[Function]}
              title=""
            >
              Coat of arms
            </Checkbox>
            <Checkbox
              bsClass="checkbox"
              defaultChecked={true}
              disabled={false}
              inline={true}
              onClick={[Function]}
              title=""
            >
              Capital
            </Checkbox>
          </FormGroup>,
          "componentClass": "div",
        },
        "ref": null,
        "rendered": Object {
          "instance": null,
          "key": undefined,
          "nodeType": "class",
          "props": Object {
            "bsClass": "form-group",
            "children": Array [
              <Checkbox
                bsClass="checkbox"
                defaultChecked={true}
                disabled={false}
                inline={true}
                onClick={[Function]}
                title=""
              >
                Title
              </Checkbox>,
              <Checkbox
                bsClass="checkbox"
                defaultChecked={true}
                disabled={false}
                inline={true}
                onClick={[Function]}
                title=""
              >
                Flag
              </Checkbox>,
              <Checkbox
                bsClass="checkbox"
                defaultChecked={true}
                disabled={false}
                inline={true}
                onClick={[Function]}
                title=""
              >
                Coat of arms
              </Checkbox>,
              <Checkbox
                bsClass="checkbox"
                defaultChecked={true}
                disabled={false}
                inline={true}
                onClick={[Function]}
                title=""
              >
                Capital
              </Checkbox>,
            ],
            "className": "checkbox-group",
          },
          "ref": null,
          "rendered": Array [
            Object {
              "instance": null,
              "key": undefined,
              "nodeType": "class",
              "props": Object {
                "bsClass": "checkbox",
                "children": "Title",
                "defaultChecked": true,
                "disabled": false,
                "inline": true,
                "onClick": [Function],
                "title": "",
              },
              "ref": null,
              "rendered": "Title",
              "type": [Function],
            },
            Object {
              "instance": null,
              "key": undefined,
              "nodeType": "class",
              "props": Object {
                "bsClass": "checkbox",
                "children": "Flag",
                "defaultChecked": true,
                "disabled": false,
                "inline": true,
                "onClick": [Function],
                "title": "",
              },
              "ref": null,
              "rendered": "Flag",
              "type": [Function],
            },
            Object {
              "instance": null,
              "key": undefined,
              "nodeType": "class",
              "props": Object {
                "bsClass": "checkbox",
                "children": "Coat of arms",
                "defaultChecked": true,
                "disabled": false,
                "inline": true,
                "onClick": [Function],
                "title": "",
              },
              "ref": null,
              "rendered": "Coat of arms",
              "type": [Function],
            },
            Object {
              "instance": null,
              "key": undefined,
              "nodeType": "class",
              "props": Object {
                "bsClass": "checkbox",
                "children": "Capital",
                "defaultChecked": true,
                "disabled": false,
                "inline": true,
                "onClick": [Function],
                "title": "",
              },
              "ref": null,
              "rendered": "Capital",
              "type": [Function],
            },
          ],
          "type": [Function],
        },
        "type": [Function],
      },
      Object {
        "instance": null,
        "key": undefined,
        "nodeType": "class",
        "props": Object {
          "bsClass": "modal-footer",
          "children": <Button
            active={false}
            block={false}
            bsClass="btn"
            bsStyle="default"
            disabled={false}
            onClick={[Function]}
          >
            Start
          </Button>,
          "componentClass": "div",
        },
        "ref": null,
        "rendered": Object {
          "instance": null,
          "key": undefined,
          "nodeType": "class",
          "props": Object {
            "active": false,
            "block": false,
            "bsClass": "btn",
            "bsStyle": "default",
            "children": "Start",
            "disabled": false,
            "onClick": [Function],
          },
          "ref": null,
          "rendered": "Start",
          "type": [Function],
        },
        "type": [Function],
      },
    ],
    "type": [Function],
  },
  Symbol(enzyme.__nodes__): Array [
    Object {
      "instance": null,
      "key": undefined,
      "nodeType": "class",
      "props": Object {
        "animation": true,
        "autoFocus": true,
        "backdrop": true,
        "bsClass": "modal",
        "children": Array [
          <ModalHeader
            bsClass="modal-header"
            closeButton={false}
            closeLabel="Close"
          >
            <ModalTitle
              bsClass="modal-title"
              componentClass="h4"
              id="contained-modal-title-lg"
            >
              I'll search the regions by
            </ModalTitle>
          </ModalHeader>,
          <ModalBody
            bsClass="modal-body"
            componentClass="div"
          >
            <FormGroup
              bsClass="form-group"
              className="checkbox-group"
            >
              <Checkbox
                bsClass="checkbox"
                defaultChecked={true}
                disabled={false}
                inline={true}
                onClick={[Function]}
                title=""
              >
                Title
              </Checkbox>
              <Checkbox
                bsClass="checkbox"
                defaultChecked={true}
                disabled={false}
                inline={true}
                onClick={[Function]}
                title=""
              >
                Flag
              </Checkbox>
              <Checkbox
                bsClass="checkbox"
                defaultChecked={true}
                disabled={false}
                inline={true}
                onClick={[Function]}
                title=""
              >
                Coat of arms
              </Checkbox>
              <Checkbox
                bsClass="checkbox"
                defaultChecked={true}
                disabled={false}
                inline={true}
                onClick={[Function]}
                title=""
              >
                Capital
              </Checkbox>
            </FormGroup>
          </ModalBody>,
          <ModalFooter
            bsClass="modal-footer"
            componentClass="div"
          >
            <Button
              active={false}
              block={false}
              bsClass="btn"
              bsStyle="default"
              disabled={false}
              onClick={[Function]}
            >
              Start
            </Button>
          </ModalFooter>,
        ],
        "dialogClassName": "custom-modal",
        "dialogComponentClass": [Function],
        "enforceFocus": true,
        "keyboard": true,
        "manager": ModalManager {
          "add": [Function],
          "containers": Array [],
          "data": Array [],
          "handleContainerOverflow": true,
          "hideSiblingNodes": true,
          "isTopModal": [Function],
          "modals": Array [],
          "remove": [Function],
        },
        "onHide": [Function],
        "renderBackdrop": [Function],
        "restoreFocus": true,
        "show": true,
      },
      "ref": null,
      "rendered": Array [
        Object {
          "instance": null,
          "key": undefined,
          "nodeType": "class",
          "props": Object {
            "bsClass": "modal-header",
            "children": <ModalTitle
              bsClass="modal-title"
              componentClass="h4"
              id="contained-modal-title-lg"
            >
              I'll search the regions by
            </ModalTitle>,
            "closeButton": false,
            "closeLabel": "Close",
          },
          "ref": null,
          "rendered": Object {
            "instance": null,
            "key": undefined,
            "nodeType": "class",
            "props": Object {
              "bsClass": "modal-title",
              "children": "I'll search the regions by",
              "componentClass": "h4",
              "id": "contained-modal-title-lg",
            },
            "ref": null,
            "rendered": "I'll search the regions by",
            "type": [Function],
          },
          "type": [Function],
        },
        Object {
          "instance": null,
          "key": undefined,
          "nodeType": "class",
          "props": Object {
            "bsClass": "modal-body",
            "children": <FormGroup
              bsClass="form-group"
              className="checkbox-group"
            >
              <Checkbox
                bsClass="checkbox"
                defaultChecked={true}
                disabled={false}
                inline={true}
                onClick={[Function]}
                title=""
              >
                Title
              </Checkbox>
              <Checkbox
                bsClass="checkbox"
                defaultChecked={true}
                disabled={false}
                inline={true}
                onClick={[Function]}
                title=""
              >
                Flag
              </Checkbox>
              <Checkbox
                bsClass="checkbox"
                defaultChecked={true}
                disabled={false}
                inline={true}
                onClick={[Function]}
                title=""
              >
                Coat of arms
              </Checkbox>
              <Checkbox
                bsClass="checkbox"
                defaultChecked={true}
                disabled={false}
                inline={true}
                onClick={[Function]}
                title=""
              >
                Capital
              </Checkbox>
            </FormGroup>,
            "componentClass": "div",
          },
          "ref": null,
          "rendered": Object {
            "instance": null,
            "key": undefined,
            "nodeType": "class",
            "props": Object {
              "bsClass": "form-group",
              "children": Array [
                <Checkbox
                  bsClass="checkbox"
                  defaultChecked={true}
                  disabled={false}
                  inline={true}
                  onClick={[Function]}
                  title=""
                >
                  Title
                </Checkbox>,
                <Checkbox
                  bsClass="checkbox"
                  defaultChecked={true}
                  disabled={false}
                  inline={true}
                  onClick={[Function]}
                  title=""
                >
                  Flag
                </Checkbox>,
                <Checkbox
                  bsClass="checkbox"
                  defaultChecked={true}
                  disabled={false}
                  inline={true}
                  onClick={[Function]}
                  title=""
                >
                  Coat of arms
                </Checkbox>,
                <Checkbox
                  bsClass="checkbox"
                  defaultChecked={true}
                  disabled={false}
                  inline={true}
                  onClick={[Function]}
                  title=""
                >
                  Capital
                </Checkbox>,
              ],
              "className": "checkbox-group",
            },
            "ref": null,
            "rendered": Array [
              Object {
                "instance": null,
                "key": undefined,
                "nodeType": "class",
                "props": Object {
                  "bsClass": "checkbox",
                  "children": "Title",
                  "defaultChecked": true,
                  "disabled": false,
                  "inline": true,
                  "onClick": [Function],
                  "title": "",
                },
                "ref": null,
                "rendered": "Title",
                "type": [Function],
              },
              Object {
                "instance": null,
                "key": undefined,
                "nodeType": "class",
                "props": Object {
                  "bsClass": "checkbox",
                  "children": "Flag",
                  "defaultChecked": true,
                  "disabled": false,
                  "inline": true,
                  "onClick": [Function],
                  "title": "",
                },
                "ref": null,
                "rendered": "Flag",
                "type": [Function],
              },
              Object {
                "instance": null,
                "key": undefined,
                "nodeType": "class",
                "props": Object {
                  "bsClass": "checkbox",
                  "children": "Coat of arms",
                  "defaultChecked": true,
                  "disabled": false,
                  "inline": true,
                  "onClick": [Function],
                  "title": "",
                },
                "ref": null,
                "rendered": "Coat of arms",
                "type": [Function],
              },
              Object {
                "instance": null,
                "key": undefined,
                "nodeType": "class",
                "props": Object {
                  "bsClass": "checkbox",
                  "children": "Capital",
                  "defaultChecked": true,
                  "disabled": false,
                  "inline": true,
                  "onClick": [Function],
                  "title": "",
                },
                "ref": null,
                "rendered": "Capital",
                "type": [Function],
              },
            ],
            "type": [Function],
          },
          "type": [Function],
        },
        Object {
          "instance": null,
          "key": undefined,
          "nodeType": "class",
          "props": Object {
            "bsClass": "modal-footer",
            "children": <Button
              active={false}
              block={false}
              bsClass="btn"
              bsStyle="default"
              disabled={false}
              onClick={[Function]}
            >
              Start
            </Button>,
            "componentClass": "div",
          },
          "ref": null,
          "rendered": Object {
            "instance": null,
            "key": undefined,
            "nodeType": "class",
            "props": Object {
              "active": false,
              "block": false,
              "bsClass": "btn",
              "bsStyle": "default",
              "children": "Start",
              "disabled": false,
              "onClick": [Function],
            },
            "ref": null,
            "rendered": "Start",
            "type": [Function],
          },
          "type": [Function],
        },
      ],
      "type": [Function],
    },
  ],
  Symbol(enzyme.__options__): Object {
    "adapter": ReactSixteenAdapter {
      "options": Object {
        "enableComponentDidUpdateOnSetState": true,
        "legacyContextMode": "parent",
        "lifecycles": Object {
          "componentDidUpdate": Object {
            "onSetState": true,
          },
          "getChildContext": Object {
            "calledByRenderer": false,
          },
          "getDerivedStateFromProps": true,
          "getSnapshotBeforeUpdate": true,
          "setState": Object {
            "skipsComponentDidUpdateOnNullish": true,
          },
        },
      },
    },
  },
}
`;
