// Jest Snapshot v1, https://goo.gl/fbAQLP

exports[`shallow <Workshop /> components render: Workshop 1`] = `
Array [
  <form
    class="row justify-content-between"
  >
    <div
      class="form-group col-md-7 col-sm-12"
    >
      <label
        for="search-label"
      >
        <span>
          Search by title
        </span>
        :
      </label>
      <input
        class="form-control"
        id="search-input"
        maxlength="50"
        type="text"
        value=""
      />
    </div>
    <div
      class="form-group col-md-5 col-sm-12"
    >
      <label
        for="order-label"
      >
        <span>
          Order by
        </span>
        :
      </label>
      <div
        class=" css-2b097c-container"
      >
        <div
          class=" css-yk16xz-control"
        >
          <div
            class=" css-1hwfws3"
          >
            <div
              class=" css-1wa3eu0-placeholder"
            >
              Select...
            </div>
            <div
              class="css-1g6gooi"
            >
              <div
                class=""
                style="display:inline-block"
              >
                <input
                  aria-autocomplete="list"
                  autocapitalize="none"
                  autocomplete="off"
                  autocorrect="off"
                  id="react-select-2-input"
                  spellcheck="false"
                  style="box-sizing:content-box;width:1px;label:input;background:0;border:0;font-size:inherit;opacity:1;outline:0;padding:0;color:inherit"
                  tabindex="0"
                  type="text"
                  value=""
                />
                <div
                  style="position:absolute;top:0;left:0;visibility:hidden;height:0;overflow:scroll;white-space:pre"
                />
              </div>
            </div>
          </div>
          <div
            class=" css-1wy0on6"
          >
            <span
              class=" css-1okebmr-indicatorSeparator"
            />
            <div
              aria-hidden="true"
              class=" css-tlfecz-indicatorContainer"
            >
              <svg
                aria-hidden="true"
                class="css-19bqh2r"
                focusable="false"
                height="20"
                viewBox="0 0 20 20"
                width="20"
              >
                <path
                  d="M4.516 7.548c0.436-0.446 1.043-0.481 1.576 0l3.908 3.747 3.908-3.747c0.533-0.481 1.141-0.446 1.574 0 0.436 0.445 0.408 1.197 0 1.615-0.406 0.418-4.695 4.502-4.695 4.502-0.217 0.223-0.502 0.335-0.787 0.335s-0.57-0.112-0.789-0.335c0 0-4.287-4.084-4.695-4.502s-0.436-1.17 0-1.615z"
                />
              </svg>
            </div>
          </div>
        </div>
      </div>
    </div>
    <div
      class="form-group col-md-6 col-sm-12"
    >
      <label
        for="search-label"
      >
        <span>
          Filter by tag
        </span>
        :
      </label>
      <div
        class=" css-2b097c-container"
      >
        <div
          class=" css-yk16xz-control"
        >
          <div
            class=" css-1hwfws3"
          >
            <div
              class=" css-1wa3eu0-placeholder"
            >
              Select...
            </div>
            <div
              class="css-1g6gooi"
            >
              <div
                class=""
                style="display:inline-block"
              >
                <input
                  aria-autocomplete="list"
                  autocapitalize="none"
                  autocomplete="off"
                  autocorrect="off"
                  id="react-select-3-input"
                  spellcheck="false"
                  style="box-sizing:content-box;width:1px;label:input;background:0;border:0;font-size:inherit;opacity:1;outline:0;padding:0;color:inherit"
                  tabindex="0"
                  type="text"
                  value=""
                />
                <div
                  style="position:absolute;top:0;left:0;visibility:hidden;height:0;overflow:scroll;white-space:pre"
                />
              </div>
            </div>
          </div>
          <div
            class=" css-1wy0on6"
          >
            <div
              aria-hidden="true"
              class=" css-at12u2-loadingIndicator"
            >
              <span
                class="css-d0ptw1"
              />
              <span
                class="css-3utax6"
              />
              <span
                class="css-1qyc6ze"
              />
            </div>
            <span
              class=" css-1okebmr-indicatorSeparator"
            />
            <div
              aria-hidden="true"
              class=" css-tlfecz-indicatorContainer"
            >
              <svg
                aria-hidden="true"
                class="css-19bqh2r"
                focusable="false"
                height="20"
                viewBox="0 0 20 20"
                width="20"
              >
                <path
                  d="M4.516 7.548c0.436-0.446 1.043-0.481 1.576 0l3.908 3.747 3.908-3.747c0.533-0.481 1.141-0.446 1.574 0 0.436 0.445 0.408 1.197 0 1.615-0.406 0.418-4.695 4.502-4.695 4.502-0.217 0.223-0.502 0.335-0.787 0.335s-0.57-0.112-0.789-0.335c0 0-4.287-4.084-4.695-4.502s-0.436-1.17 0-1.615z"
                />
              </svg>
            </div>
          </div>
        </div>
      </div>
    </div>
    <div
      class="form-group col-md-6 col-sm-12"
    >
      <label
        for="search-label"
      >
        <span>
          Filter by user
        </span>
        :
      </label>
      <div
        class=" css-2b097c-container"
      >
        <div
          class=" css-yk16xz-control"
        >
          <div
            class=" css-1hwfws3"
          >
            <div
              class=" css-1wa3eu0-placeholder"
            >
              Select...
            </div>
            <div
              class="css-1g6gooi"
            >
              <div
                class=""
                style="display:inline-block"
              >
                <input
                  aria-autocomplete="list"
                  autocapitalize="none"
                  autocomplete="off"
                  autocorrect="off"
                  id="react-select-4-input"
                  spellcheck="false"
                  style="box-sizing:content-box;width:1px;label:input;background:0;border:0;font-size:inherit;opacity:1;outline:0;padding:0;color:inherit"
                  tabindex="0"
                  type="text"
                  value=""
                />
                <div
                  style="position:absolute;top:0;left:0;visibility:hidden;height:0;overflow:scroll;white-space:pre"
                />
              </div>
            </div>
          </div>
          <div
            class=" css-1wy0on6"
          >
            <div
              aria-hidden="true"
              class=" css-at12u2-loadingIndicator"
            >
              <span
                class="css-d0ptw1"
              />
              <span
                class="css-3utax6"
              />
              <span
                class="css-1qyc6ze"
              />
            </div>
            <span
              class=" css-1okebmr-indicatorSeparator"
            />
            <div
              aria-hidden="true"
              class=" css-tlfecz-indicatorContainer"
            >
              <svg
                aria-hidden="true"
                class="css-19bqh2r"
                focusable="false"
                height="20"
                viewBox="0 0 20 20"
                width="20"
              >
                <path
                  d="M4.516 7.548c0.436-0.446 1.043-0.481 1.576 0l3.908 3.747 3.908-3.747c0.533-0.481 1.141-0.446 1.574 0 0.436 0.445 0.408 1.197 0 1.615-0.406 0.418-4.695 4.502-4.695 4.502-0.217 0.223-0.502 0.335-0.787 0.335s-0.57-0.112-0.789-0.335c0 0-4.287-4.084-4.695-4.502s-0.436-1.17 0-1.615z"
                />
              </svg>
            </div>
          </div>
        </div>
      </div>
    </div>
  </form>,
  <div>
    <div
      class="infinite-scroll-component row"
      style="height:auto;overflow:auto;-webkit-overflow-scrolling:touch"
    >
      <div
        class="loading_wrapper"
      >
        <h2
          class="loading"
        >
          <span>
            Loading...
          </span>
        </h2>
      </div>
    </div>
  </div>,
]
`;
